// Jest Snapshot v1, https://goo.gl/fbAQLP

exports[`renders homepage unchanged 1`] = `
<div>
  <div>
    <main>
      <h1>
        Welcome to the future home of Travel x Labor
      </h1>
    </main>
    <footer
      data-testid="footer"
    >
      <p>
        Footer
      </p>
    </footer>
  </div>
</div>
`;
